MPLINK 4.31, Linker
Linker Map File - Created Thu Nov 03 11:28:08 2022

                                 Section Info
                  Section       Type    Address   Location Size(Bytes)
                ---------  ---------  ---------  ---------  ---------
                   .org_0       code   0x000000    program   0x0000a6
                   .cinit    romdata   0x000053    program   0x000004
      .config_2007_LEDS.O       code   0x002007    program   0x000002



                              Program Memory Usage 
                               Start         End      
                           ---------   ---------      
                            0x000000    0x000054      
                            0x002007    0x002007      
            86 out of 2183 program addresses used, program memory utilization is 3%



                              Symbols - Sorted by Name
                     Name    Address   Location    Storage File                     
                ---------  ---------  ---------  --------- ---------                
                   DEMORA   0x000047    program     static C:\Users\Usuario\Documents\UNLA1\leds.asm
                   INICIO   0x000005    program     static C:\Users\Usuario\Documents\UNLA1\leds.asm
                   PDelL1   0x000051    program     static C:\Users\Usuario\Documents\UNLA1\leds.asm
                   PDelL2   0x000052    program     static C:\Users\Usuario\Documents\UNLA1\leds.asm
                   PLoop1   0x000049    program     static C:\Users\Usuario\Documents\UNLA1\leds.asm
                   PLoop2   0x00004b    program     static C:\Users\Usuario\Documents\UNLA1\leds.asm
                    RETA1   0x000040    program     static C:\Users\Usuario\Documents\UNLA1\leds.asm
                    RETA2   0x00003e    program     static C:\Users\Usuario\Documents\UNLA1\leds.asm
                    RETA3   0x00003c    program     static C:\Users\Usuario\Documents\UNLA1\leds.asm
                  RETARDO   0x00003a    program     static C:\Users\Usuario\Documents\UNLA1\leds.asm



                              Symbols - Sorted by Address
                     Name    Address   Location    Storage File                     
                ---------  ---------  ---------  --------- ---------                
                   INICIO   0x000005    program     static C:\Users\Usuario\Documents\UNLA1\leds.asm
                  RETARDO   0x00003a    program     static C:\Users\Usuario\Documents\UNLA1\leds.asm
                    RETA3   0x00003c    program     static C:\Users\Usuario\Documents\UNLA1\leds.asm
                    RETA2   0x00003e    program     static C:\Users\Usuario\Documents\UNLA1\leds.asm
                    RETA1   0x000040    program     static C:\Users\Usuario\Documents\UNLA1\leds.asm
                   DEMORA   0x000047    program     static C:\Users\Usuario\Documents\UNLA1\leds.asm
                   PLoop1   0x000049    program     static C:\Users\Usuario\Documents\UNLA1\leds.asm
                   PLoop2   0x00004b    program     static C:\Users\Usuario\Documents\UNLA1\leds.asm
                   PDelL1   0x000051    program     static C:\Users\Usuario\Documents\UNLA1\leds.asm
                   PDelL2   0x000052    program     static C:\Users\Usuario\Documents\UNLA1\leds.asm


