MPLINK 4.31, Linker
Linker Map File - Created Wed Nov 02 10:23:15 2022

                                 Section Info
                  Section       Type    Address   Location Size(Bytes)
                ---------  ---------  ---------  ---------  ---------
                   .org_0       code   0x000000    program   0x0000c0
                   .cinit    romdata   0x000060    program   0x000004
.config_2007_UNLATERMOTANQUE.O       code   0x002007    program   0x000002



                              Program Memory Usage 
                               Start         End      
                           ---------   ---------      
                            0x000000    0x000061      
                            0x002007    0x002007      
            99 out of 2183 program addresses used, program memory utilization is 4%



                              Symbols - Sorted by Name
                     Name    Address   Location    Storage File                     
                ---------  ---------  ---------  --------- ---------                
                   INICIO   0x000005    program     static C:\Users\Usuario\Documents\UNLA1\UNLATERMOTANQUE.asm
                  PUERTOS   0x000047    program     static C:\Users\Usuario\Documents\UNLA1\UNLATERMOTANQUE.asm
                 SENSORES   0x00000b    program     static C:\Users\Usuario\Documents\UNLA1\UNLATERMOTANQUE.asm
            calentar_agua   0x000013    program     static C:\Users\Usuario\Documents\UNLA1\UNLATERMOTANQUE.asm
          calentar_agua_0   0x000019    program     static C:\Users\Usuario\Documents\UNLA1\UNLATERMOTANQUE.asm
                delay_10s   0x000041    program     static C:\Users\Usuario\Documents\UNLA1\UNLATERMOTANQUE.asm
                delay_1ms   0x000031    program     static C:\Users\Usuario\Documents\UNLA1\UNLATERMOTANQUE.asm
                 delay_1s   0x00003c    program     static C:\Users\Usuario\Documents\UNLA1\UNLATERMOTANQUE.asm
              delay_250ms   0x000036    program     static C:\Users\Usuario\Documents\UNLA1\UNLATERMOTANQUE.asm
          enfriado_rapido   0x00002e    program     static C:\Users\Usuario\Documents\UNLA1\UNLATERMOTANQUE.asm
             enfriar_agua   0x000020    program     static C:\Users\Usuario\Documents\UNLA1\UNLATERMOTANQUE.asm
           enfriar_agua_0   0x000025    program     static C:\Users\Usuario\Documents\UNLA1\UNLATERMOTANQUE.asm
             led_amarillo   0x000056    program     static C:\Users\Usuario\Documents\UNLA1\UNLATERMOTANQUE.asm
                 led_azul   0x00004c    program     static C:\Users\Usuario\Documents\UNLA1\UNLATERMOTANQUE.asm
                 led_rojo   0x000051    program     static C:\Users\Usuario\Documents\UNLA1\UNLATERMOTANQUE.asm
                led_verde   0x00005b    program     static C:\Users\Usuario\Documents\UNLA1\UNLATERMOTANQUE.asm
                 retardo1   0x000033    program     static C:\Users\Usuario\Documents\UNLA1\UNLATERMOTANQUE.asm
                 retardo2   0x000038    program     static C:\Users\Usuario\Documents\UNLA1\UNLATERMOTANQUE.asm
                 retardo3   0x00003e    program     static C:\Users\Usuario\Documents\UNLA1\UNLATERMOTANQUE.asm
                 retardo4   0x000043    program     static C:\Users\Usuario\Documents\UNLA1\UNLATERMOTANQUE.asm



                              Symbols - Sorted by Address
                     Name    Address   Location    Storage File                     
                ---------  ---------  ---------  --------- ---------                
                   INICIO   0x000005    program     static C:\Users\Usuario\Documents\UNLA1\UNLATERMOTANQUE.asm
                 SENSORES   0x00000b    program     static C:\Users\Usuario\Documents\UNLA1\UNLATERMOTANQUE.asm
            calentar_agua   0x000013    program     static C:\Users\Usuario\Documents\UNLA1\UNLATERMOTANQUE.asm
          calentar_agua_0   0x000019    program     static C:\Users\Usuario\Documents\UNLA1\UNLATERMOTANQUE.asm
             enfriar_agua   0x000020    program     static C:\Users\Usuario\Documents\UNLA1\UNLATERMOTANQUE.asm
           enfriar_agua_0   0x000025    program     static C:\Users\Usuario\Documents\UNLA1\UNLATERMOTANQUE.asm
          enfriado_rapido   0x00002e    program     static C:\Users\Usuario\Documents\UNLA1\UNLATERMOTANQUE.asm
                delay_1ms   0x000031    program     static C:\Users\Usuario\Documents\UNLA1\UNLATERMOTANQUE.asm
                 retardo1   0x000033    program     static C:\Users\Usuario\Documents\UNLA1\UNLATERMOTANQUE.asm
              delay_250ms   0x000036    program     static C:\Users\Usuario\Documents\UNLA1\UNLATERMOTANQUE.asm
                 retardo2   0x000038    program     static C:\Users\Usuario\Documents\UNLA1\UNLATERMOTANQUE.asm
                 delay_1s   0x00003c    program     static C:\Users\Usuario\Documents\UNLA1\UNLATERMOTANQUE.asm
                 retardo3   0x00003e    program     static C:\Users\Usuario\Documents\UNLA1\UNLATERMOTANQUE.asm
                delay_10s   0x000041    program     static C:\Users\Usuario\Documents\UNLA1\UNLATERMOTANQUE.asm
                 retardo4   0x000043    program     static C:\Users\Usuario\Documents\UNLA1\UNLATERMOTANQUE.asm
                  PUERTOS   0x000047    program     static C:\Users\Usuario\Documents\UNLA1\UNLATERMOTANQUE.asm
                 led_azul   0x00004c    program     static C:\Users\Usuario\Documents\UNLA1\UNLATERMOTANQUE.asm
                 led_rojo   0x000051    program     static C:\Users\Usuario\Documents\UNLA1\UNLATERMOTANQUE.asm
             led_amarillo   0x000056    program     static C:\Users\Usuario\Documents\UNLA1\UNLATERMOTANQUE.asm
                led_verde   0x00005b    program     static C:\Users\Usuario\Documents\UNLA1\UNLATERMOTANQUE.asm


